::1 - - [07/Sep/2025:10:03:47 +0000] "POST /api/users/login HTTP/1.1" 201 412 "-" "PostmanRuntime/7.45.0"
::1 - - [07/Sep/2025:10:11:40 +0000] "POST /api/users/login HTTP/1.1" 201 412 "-" "PostmanRuntime/7.45.0"
::1 - - [07/Sep/2025:10:11:58 +0000] "POST /api/users/login HTTP/1.1" 201 412 "-" "PostmanRuntime/7.45.0"
::ffff:127.0.0.1 - - [08/Sep/2025:15:11:47 +0000] "POST /api/users/login HTTP/1.1" 201 412 "-" "Dart/3.8 (dart:io)"
::ffff:127.0.0.1 - - [08/Sep/2025:15:11:48 +0000] "GET /api/categories HTTP/1.1" 200 1293 "-" "Dart/3.8 (dart:io)"
::ffff:127.0.0.1 - - [08/Sep/2025:15:11:50 +0000] "GET /api/products?sort=best_selling HTTP/1.1" 200 6232 "-" "Dart/3.8 (dart:io)"
::ffff:127.0.0.1 - - [08/Sep/2025:15:11:50 +0000] "GET /api/products?sort=exclusive HTTP/1.1" 200 6629 "-" "Dart/3.8 (dart:io)"
::ffff:127.0.0.1 - - [08/Sep/2025:15:11:50 +0000] "GET /api/products?sort=newest HTTP/1.1" 200 5912 "-" "Dart/3.8 (dart:io)"
::ffff:127.0.0.1 - - [08/Sep/2025:15:11:51 +0000] "GET /api/carts HTTP/1.1" 404 29 "-" "Dart/3.8 (dart:io)"
::ffff:127.0.0.1 - - [08/Sep/2025:15:12:20 +0000] "GET /api/carts HTTP/1.1" 404 29 "-" "Dart/3.8 (dart:io)"
::ffff:127.0.0.1 - - [08/Sep/2025:15:16:48 +0000] "GET /api/categories HTTP/1.1" 200 1293 "-" "Dart/3.8 (dart:io)"
::ffff:127.0.0.1 - - [08/Sep/2025:15:16:48 +0000] "GET /api/products?sort=newest HTTP/1.1" 200 5912 "-" "Dart/3.8 (dart:io)"
::ffff:127.0.0.1 - - [08/Sep/2025:15:16:48 +0000] "GET /api/products?sort=exclusive HTTP/1.1" 200 6629 "-" "Dart/3.8 (dart:io)"
::ffff:127.0.0.1 - - [08/Sep/2025:15:16:48 +0000] "GET /api/products?sort=best_selling HTTP/1.1" 200 6232 "-" "Dart/3.8 (dart:io)"
::ffff:127.0.0.1 - - [08/Sep/2025:15:16:49 +0000] "GET /api/carts HTTP/1.1" 404 29 "-" "Dart/3.8 (dart:io)"
::ffff:127.0.0.1 - - [08/Sep/2025:15:18:37 +0000] "GET /api/categories HTTP/1.1" 200 1293 "-" "Dart/3.8 (dart:io)"
::ffff:127.0.0.1 - - [08/Sep/2025:15:18:37 +0000] "GET /api/products?sort=exclusive HTTP/1.1" 200 6629 "-" "Dart/3.8 (dart:io)"
::ffff:127.0.0.1 - - [08/Sep/2025:15:18:37 +0000] "GET /api/products?sort=newest HTTP/1.1" 200 5912 "-" "Dart/3.8 (dart:io)"
::ffff:127.0.0.1 - - [08/Sep/2025:15:18:37 +0000] "GET /api/products?sort=best_selling HTTP/1.1" 200 6232 "-" "Dart/3.8 (dart:io)"
::ffff:127.0.0.1 - - [08/Sep/2025:15:18:38 +0000] "GET /api/carts HTTP/1.1" 404 29 "-" "Dart/3.8 (dart:io)"
::ffff:127.0.0.1 - - [08/Sep/2025:15:19:53 +0000] "GET /api/categories HTTP/1.1" 200 1293 "-" "Dart/3.8 (dart:io)"
::ffff:127.0.0.1 - - [08/Sep/2025:15:19:53 +0000] "GET /api/products?sort=best_selling HTTP/1.1" 200 6232 "-" "Dart/3.8 (dart:io)"
::ffff:127.0.0.1 - - [08/Sep/2025:15:19:53 +0000] "GET /api/products?sort=newest HTTP/1.1" 200 5912 "-" "Dart/3.8 (dart:io)"
::ffff:127.0.0.1 - - [08/Sep/2025:15:19:53 +0000] "GET /api/products?sort=exclusive HTTP/1.1" 200 6629 "-" "Dart/3.8 (dart:io)"
::ffff:127.0.0.1 - - [08/Sep/2025:15:19:54 +0000] "GET /api/carts HTTP/1.1" 404 29 "-" "Dart/3.8 (dart:io)"
::ffff:127.0.0.1 - - [08/Sep/2025:15:20:54 +0000] "GET /api/categories HTTP/1.1" 200 1293 "-" "Dart/3.8 (dart:io)"
::ffff:127.0.0.1 - - [08/Sep/2025:15:20:54 +0000] "GET /api/products?sort=newest HTTP/1.1" 200 5912 "-" "Dart/3.8 (dart:io)"
::ffff:127.0.0.1 - - [08/Sep/2025:15:20:54 +0000] "GET /api/products?sort=exclusive HTTP/1.1" 200 6629 "-" "Dart/3.8 (dart:io)"
::ffff:127.0.0.1 - - [08/Sep/2025:15:20:54 +0000] "GET /api/products?sort=best_selling HTTP/1.1" 200 6232 "-" "Dart/3.8 (dart:io)"
::ffff:127.0.0.1 - - [08/Sep/2025:15:20:55 +0000] "GET /api/carts HTTP/1.1" 404 29 "-" "Dart/3.8 (dart:io)"
::ffff:127.0.0.1 - - [08/Sep/2025:15:21:23 +0000] "GET /api/categories HTTP/1.1" 200 1293 "-" "Dart/3.8 (dart:io)"
::ffff:127.0.0.1 - - [08/Sep/2025:15:21:23 +0000] "GET /api/products?sort=newest HTTP/1.1" 200 5912 "-" "Dart/3.8 (dart:io)"
::ffff:127.0.0.1 - - [08/Sep/2025:15:21:23 +0000] "GET /api/products?sort=exclusive HTTP/1.1" 200 6629 "-" "Dart/3.8 (dart:io)"
::ffff:127.0.0.1 - - [08/Sep/2025:15:21:23 +0000] "GET /api/products?sort=best_selling HTTP/1.1" 200 6232 "-" "Dart/3.8 (dart:io)"
::ffff:127.0.0.1 - - [08/Sep/2025:15:21:23 +0000] "GET /api/carts HTTP/1.1" 404 29 "-" "Dart/3.8 (dart:io)"
::ffff:127.0.0.1 - - [08/Sep/2025:15:22:02 +0000] "GET /api/categories HTTP/1.1" 200 1293 "-" "Dart/3.8 (dart:io)"
::ffff:127.0.0.1 - - [08/Sep/2025:15:22:03 +0000] "GET /api/products?sort=newest HTTP/1.1" 200 5912 "-" "Dart/3.8 (dart:io)"
::ffff:127.0.0.1 - - [08/Sep/2025:15:22:03 +0000] "GET /api/products?sort=best_selling HTTP/1.1" 200 6232 "-" "Dart/3.8 (dart:io)"
::ffff:127.0.0.1 - - [08/Sep/2025:15:22:03 +0000] "GET /api/products?sort=exclusive HTTP/1.1" 200 6629 "-" "Dart/3.8 (dart:io)"
::ffff:127.0.0.1 - - [08/Sep/2025:15:22:04 +0000] "GET /api/carts HTTP/1.1" 404 29 "-" "Dart/3.8 (dart:io)"
::ffff:127.0.0.1 - - [08/Sep/2025:15:22:28 +0000] "GET /api/categories HTTP/1.1" 200 1293 "-" "Dart/3.8 (dart:io)"
::ffff:127.0.0.1 - - [08/Sep/2025:15:22:28 +0000] "GET /api/products?sort=newest HTTP/1.1" 200 5912 "-" "Dart/3.8 (dart:io)"
::ffff:127.0.0.1 - - [08/Sep/2025:15:22:29 +0000] "GET /api/products?sort=exclusive HTTP/1.1" 200 6629 "-" "Dart/3.8 (dart:io)"
::ffff:127.0.0.1 - - [08/Sep/2025:15:22:29 +0000] "GET /api/products?sort=best_selling HTTP/1.1" 200 6232 "-" "Dart/3.8 (dart:io)"
::ffff:127.0.0.1 - - [08/Sep/2025:15:22:29 +0000] "GET /api/carts HTTP/1.1" 404 29 "-" "Dart/3.8 (dart:io)"
::ffff:127.0.0.1 - - [08/Sep/2025:15:23:37 +0000] "GET /api/categories HTTP/1.1" 200 1293 "-" "Dart/3.8 (dart:io)"
::ffff:127.0.0.1 - - [08/Sep/2025:15:23:37 +0000] "GET /api/products?sort=exclusive HTTP/1.1" 200 6629 "-" "Dart/3.8 (dart:io)"
::ffff:127.0.0.1 - - [08/Sep/2025:15:23:37 +0000] "GET /api/products?sort=best_selling HTTP/1.1" 200 6232 "-" "Dart/3.8 (dart:io)"
::ffff:127.0.0.1 - - [08/Sep/2025:15:23:37 +0000] "GET /api/products?sort=newest HTTP/1.1" 200 5912 "-" "Dart/3.8 (dart:io)"
::ffff:127.0.0.1 - - [08/Sep/2025:15:23:38 +0000] "GET /api/carts HTTP/1.1" 404 29 "-" "Dart/3.8 (dart:io)"
::ffff:127.0.0.1 - - [08/Sep/2025:15:25:21 +0000] "GET /api/categories HTTP/1.1" 200 1293 "-" "Dart/3.8 (dart:io)"
::ffff:127.0.0.1 - - [08/Sep/2025:15:25:21 +0000] "GET /api/products?sort=exclusive HTTP/1.1" 200 6629 "-" "Dart/3.8 (dart:io)"
::ffff:127.0.0.1 - - [08/Sep/2025:15:25:21 +0000] "GET /api/products?sort=newest HTTP/1.1" 200 5912 "-" "Dart/3.8 (dart:io)"
::ffff:127.0.0.1 - - [08/Sep/2025:15:25:21 +0000] "GET /api/products?sort=best_selling HTTP/1.1" 200 6232 "-" "Dart/3.8 (dart:io)"
::ffff:127.0.0.1 - - [08/Sep/2025:15:25:22 +0000] "GET /api/carts HTTP/1.1" 404 29 "-" "Dart/3.8 (dart:io)"
::ffff:127.0.0.1 - - [08/Sep/2025:15:26:51 +0000] "GET /api/products?sort=exclusive HTTP/1.1" 200 6629 "-" "Dart/3.8 (dart:io)"
::ffff:127.0.0.1 - - [08/Sep/2025:15:26:51 +0000] "GET /api/products?sort=best_selling HTTP/1.1" 200 6232 "-" "Dart/3.8 (dart:io)"
::ffff:127.0.0.1 - - [08/Sep/2025:15:26:52 +0000] "GET /api/categories HTTP/1.1" 200 1293 "-" "Dart/3.8 (dart:io)"
::ffff:127.0.0.1 - - [08/Sep/2025:15:26:52 +0000] "GET /api/products?sort=newest HTTP/1.1" 200 5912 "-" "Dart/3.8 (dart:io)"
::ffff:127.0.0.1 - - [08/Sep/2025:15:26:53 +0000] "GET /api/carts HTTP/1.1" 404 29 "-" "Dart/3.8 (dart:io)"
::ffff:127.0.0.1 - - [08/Sep/2025:17:05:50 +0000] "GET /api/users/profile HTTP/1.1" 200 115 "-" "Dart/3.8 (dart:io)"
::ffff:127.0.0.1 - - [08/Sep/2025:17:05:52 +0000] "GET /api/orders/my-orders HTTP/1.1" 200 4339 "-" "Dart/3.8 (dart:io)"
::1 - - [08/Sep/2025:17:10:38 +0000] "POST /api/orders/admin/status HTTP/1.1" 500 142 "-" "PostmanRuntime/7.45.0"
::1 - - [08/Sep/2025:17:11:49 +0000] "POST /api/orders/admin/status HTTP/1.1" 500 142 "-" "PostmanRuntime/7.45.0"
::1 - - [08/Sep/2025:17:12:27 +0000] "POST /api/orders/admin/status HTTP/1.1" 500 89 "-" "PostmanRuntime/7.45.0"
::1 - - [08/Sep/2025:17:12:38 +0000] "POST /api/orders/admin/status HTTP/1.1" 500 89 "-" "PostmanRuntime/7.45.0"
::1 - - [08/Sep/2025:17:13:09 +0000] "POST /api/orders/admin/status HTTP/1.1" 500 89 "-" "PostmanRuntime/7.45.0"
::1 - - [08/Sep/2025:17:13:30 +0000] "POST /api/orders/admin/status HTTP/1.1" 500 141 "-" "PostmanRuntime/7.45.0"
::1 - - [08/Sep/2025:17:14:16 +0000] "POST /api/orders/admin/status HTTP/1.1" 500 89 "-" "PostmanRuntime/7.45.0"
::1 - - [08/Sep/2025:17:15:04 +0000] "POST /api/orders/admin/status HTTP/1.1" 500 89 "-" "PostmanRuntime/7.45.0"
::1 - - [08/Sep/2025:17:17:12 +0000] "POST /api/orders/admin/status HTTP/1.1" 500 107 "-" "PostmanRuntime/7.45.0"
::1 - - [08/Sep/2025:17:17:14 +0000] "POST /api/orders/admin/status HTTP/1.1" 500 107 "-" "PostmanRuntime/7.45.0"
::1 - - [08/Sep/2025:17:17:28 +0000] "POST /api/orders/admin/status HTTP/1.1" 200 40 "-" "PostmanRuntime/7.45.0"
::ffff:127.0.0.1 - - [08/Sep/2025:17:17:46 +0000] "GET /api/orders/my-orders HTTP/1.1" 200 4340 "-" "Dart/3.8 (dart:io)"
::ffff:127.0.0.1 - - [08/Sep/2025:17:17:54 +0000] "GET /api/categories HTTP/1.1" 200 1293 "-" "Dart/3.8 (dart:io)"
::ffff:127.0.0.1 - - [08/Sep/2025:17:17:54 +0000] "GET /api/products?sort=newest HTTP/1.1" 200 5912 "-" "Dart/3.8 (dart:io)"
::ffff:127.0.0.1 - - [08/Sep/2025:17:17:54 +0000] "GET /api/products?sort=best_selling HTTP/1.1" 200 6232 "-" "Dart/3.8 (dart:io)"
::ffff:127.0.0.1 - - [08/Sep/2025:17:17:55 +0000] "GET /api/products?sort=exclusive HTTP/1.1" 200 6629 "-" "Dart/3.8 (dart:io)"
::ffff:127.0.0.1 - - [08/Sep/2025:17:17:56 +0000] "GET /api/carts HTTP/1.1" 404 29 "-" "Dart/3.8 (dart:io)"
::1 - - [08/Sep/2025:17:18:06 +0000] "POST /api/orders/admin/status HTTP/1.1" 200 40 "-" "PostmanRuntime/7.45.0"
::ffff:127.0.0.1 - - [08/Sep/2025:17:18:34 +0000] "GET /api/orders/my-orders HTTP/1.1" 200 4340 "-" "Dart/3.8 (dart:io)"
::ffff:127.0.0.1 - - [08/Sep/2025:17:18:43 +0000] "GET /api/categories HTTP/1.1" 200 1293 "-" "Dart/3.8 (dart:io)"
::ffff:127.0.0.1 - - [08/Sep/2025:17:18:43 +0000] "GET /api/products?sort=newest HTTP/1.1" 200 5912 "-" "Dart/3.8 (dart:io)"
::ffff:127.0.0.1 - - [08/Sep/2025:17:18:43 +0000] "GET /api/products?sort=best_selling HTTP/1.1" 200 6232 "-" "Dart/3.8 (dart:io)"
::ffff:127.0.0.1 - - [08/Sep/2025:17:18:43 +0000] "GET /api/products?sort=exclusive HTTP/1.1" 200 6629 "-" "Dart/3.8 (dart:io)"
::1 - - [08/Sep/2025:17:18:43 +0000] "POST /api/orders/admin/status HTTP/1.1" 200 40 "-" "PostmanRuntime/7.45.0"
::ffff:127.0.0.1 - - [08/Sep/2025:17:18:45 +0000] "GET /api/carts HTTP/1.1" 404 29 "-" "Dart/3.8 (dart:io)"
::ffff:127.0.0.1 - - [08/Sep/2025:17:18:49 +0000] "GET /api/orders/my-orders HTTP/1.1" 200 4340 "-" "Dart/3.8 (dart:io)"
::ffff:127.0.0.1 - - [08/Sep/2025:17:18:49 +0000] "GET /api/orders/my-orders/ HTTP/1.1" 200 4340 "-" "Dart/3.8 (dart:io)"
::ffff:127.0.0.1 - - [08/Sep/2025:17:20:13 +0000] "GET /api/categories HTTP/1.1" 200 1293 "-" "Dart/3.8 (dart:io)"
::ffff:127.0.0.1 - - [08/Sep/2025:17:20:13 +0000] "GET /api/products?sort=newest HTTP/1.1" 200 5912 "-" "Dart/3.8 (dart:io)"
::ffff:127.0.0.1 - - [08/Sep/2025:17:20:13 +0000] "GET /api/products?sort=exclusive HTTP/1.1" 200 6629 "-" "Dart/3.8 (dart:io)"
::ffff:127.0.0.1 - - [08/Sep/2025:17:20:13 +0000] "GET /api/products?sort=best_selling HTTP/1.1" 200 6232 "-" "Dart/3.8 (dart:io)"
::1 - - [08/Sep/2025:17:20:14 +0000] "POST /api/orders/admin/status HTTP/1.1" 200 40 "-" "PostmanRuntime/7.45.0"
::ffff:127.0.0.1 - - [08/Sep/2025:17:20:15 +0000] "GET /api/carts HTTP/1.1" 404 29 "-" "Dart/3.8 (dart:io)"
::ffff:127.0.0.1 - - [08/Sep/2025:17:20:30 +0000] "GET /api/orders/my-orders HTTP/1.1" 200 4340 "-" "Dart/3.8 (dart:io)"
::ffff:127.0.0.1 - - [08/Sep/2025:17:20:39 +0000] "GET /api/categories HTTP/1.1" 200 1293 "-" "Dart/3.8 (dart:io)"
::ffff:127.0.0.1 - - [08/Sep/2025:17:20:40 +0000] "GET /api/products?sort=exclusive HTTP/1.1" 200 6629 "-" "Dart/3.8 (dart:io)"
::ffff:127.0.0.1 - - [08/Sep/2025:17:20:40 +0000] "GET /api/products?sort=newest HTTP/1.1" 200 5912 "-" "Dart/3.8 (dart:io)"
::ffff:127.0.0.1 - - [08/Sep/2025:17:20:40 +0000] "GET /api/products?sort=best_selling HTTP/1.1" 200 6232 "-" "Dart/3.8 (dart:io)"
::ffff:127.0.0.1 - - [08/Sep/2025:17:20:41 +0000] "GET /api/carts HTTP/1.1" 404 29 "-" "Dart/3.8 (dart:io)"
::ffff:127.0.0.1 - - [08/Sep/2025:17:21:18 +0000] "GET /api/categories HTTP/1.1" 200 1293 "-" "Dart/3.8 (dart:io)"
::1 - - [08/Sep/2025:17:21:18 +0000] "POST /api/orders/admin/status HTTP/1.1" 200 40 "-" "PostmanRuntime/7.45.0"
::ffff:127.0.0.1 - - [08/Sep/2025:17:21:18 +0000] "GET /api/products?sort=exclusive HTTP/1.1" 200 6629 "-" "Dart/3.8 (dart:io)"
::ffff:127.0.0.1 - - [08/Sep/2025:17:21:18 +0000] "GET /api/products?sort=newest HTTP/1.1" 200 5912 "-" "Dart/3.8 (dart:io)"
::ffff:127.0.0.1 - - [08/Sep/2025:17:21:18 +0000] "GET /api/products?sort=best_selling HTTP/1.1" 200 6232 "-" "Dart/3.8 (dart:io)"
::ffff:127.0.0.1 - - [08/Sep/2025:17:21:20 +0000] "GET /api/carts HTTP/1.1" 404 29 "-" "Dart/3.8 (dart:io)"
::ffff:127.0.0.1 - - [08/Sep/2025:17:21:23 +0000] "GET /api/orders/my-orders HTTP/1.1" 200 4340 "-" "Dart/3.8 (dart:io)"
::ffff:127.0.0.1 - - [08/Sep/2025:17:21:23 +0000] "GET /api/orders/my-orders/ HTTP/1.1" 200 4340 "-" "Dart/3.8 (dart:io)"
::1 - - [08/Sep/2025:17:22:19 +0000] "POST /api/orders/admin/status HTTP/1.1" 200 40 "-" "PostmanRuntime/7.45.0"
::ffff:127.0.0.1 - - [08/Sep/2025:17:22:21 +0000] "GET /api/categories HTTP/1.1" 200 1293 "-" "Dart/3.8 (dart:io)"
::ffff:127.0.0.1 - - [08/Sep/2025:17:22:21 +0000] "GET /api/products?sort=exclusive HTTP/1.1" 200 6629 "-" "Dart/3.8 (dart:io)"
::ffff:127.0.0.1 - - [08/Sep/2025:17:22:21 +0000] "GET /api/products?sort=newest HTTP/1.1" 200 5912 "-" "Dart/3.8 (dart:io)"
::ffff:127.0.0.1 - - [08/Sep/2025:17:22:21 +0000] "GET /api/products?sort=best_selling HTTP/1.1" 200 6232 "-" "Dart/3.8 (dart:io)"
::ffff:127.0.0.1 - - [08/Sep/2025:17:22:24 +0000] "GET /api/carts HTTP/1.1" 404 29 "-" "Dart/3.8 (dart:io)"
::ffff:127.0.0.1 - - [08/Sep/2025:17:22:26 +0000] "GET /api/orders/my-orders HTTP/1.1" 200 4340 "-" "Dart/3.8 (dart:io)"
::ffff:127.0.0.1 - - [08/Sep/2025:17:22:26 +0000] "GET /api/orders/my-orders/68b1d63a64edbc1e05a59259 HTTP/1.1" 200 780 "-" "Dart/3.8 (dart:io)"
::1 - - [08/Sep/2025:17:22:36 +0000] "POST /api/orders/admin/status HTTP/1.1" 200 40 "-" "PostmanRuntime/7.45.0"
::1 - - [08/Sep/2025:17:47:01 +0000] "POST /api/orders/admin/status HTTP/1.1" 500 79 "-" "PostmanRuntime/7.45.0"
::1 - - [08/Sep/2025:17:47:59 +0000] "POST /api/orders/admin/status HTTP/1.1" 200 40 "-" "PostmanRuntime/7.45.0"
::ffff:127.0.0.1 - - [08/Sep/2025:17:48:52 +0000] "GET /api/orders/my-orders HTTP/1.1" 200 4342 "-" "Dart/3.8 (dart:io)"
::ffff:127.0.0.1 - - [08/Sep/2025:17:49:01 +0000] "GET /api/categories HTTP/1.1" 200 1293 "-" "Dart/3.8 (dart:io)"
::ffff:127.0.0.1 - - [08/Sep/2025:17:49:01 +0000] "GET /api/products?sort=exclusive HTTP/1.1" 200 6629 "-" "Dart/3.8 (dart:io)"
::ffff:127.0.0.1 - - [08/Sep/2025:17:49:01 +0000] "GET /api/products?sort=newest HTTP/1.1" 200 5912 "-" "Dart/3.8 (dart:io)"
::ffff:127.0.0.1 - - [08/Sep/2025:17:49:01 +0000] "GET /api/products?sort=best_selling HTTP/1.1" 200 6232 "-" "Dart/3.8 (dart:io)"
::ffff:127.0.0.1 - - [08/Sep/2025:17:49:02 +0000] "GET /api/carts HTTP/1.1" 404 29 "-" "Dart/3.8 (dart:io)"
::1 - - [08/Sep/2025:17:49:04 +0000] "POST /api/orders/admin/status HTTP/1.1" 200 40 "-" "PostmanRuntime/7.45.0"
::ffff:127.0.0.1 - - [08/Sep/2025:17:49:09 +0000] "GET /api/orders/my-orders/68baedcdae7713b2afd06ff1 HTTP/1.1" 200 502 "-" "Dart/3.8 (dart:io)"
::ffff:127.0.0.1 - - [08/Sep/2025:17:49:09 +0000] "GET /api/orders/my-orders HTTP/1.1" 200 4342 "-" "Dart/3.8 (dart:io)"
::1 - - [08/Sep/2025:17:49:18 +0000] "POST /api/orders/admin/status HTTP/1.1" 200 40 "-" "PostmanRuntime/7.45.0"
::1 - - [08/Sep/2025:17:49:29 +0000] "POST /api/orders/admin/status HTTP/1.1" 200 40 "-" "PostmanRuntime/7.45.0"
::ffff:127.0.0.1 - - [08/Sep/2025:17:49:32 +0000] "GET /api/orders/my-orders/68baedcdae7713b2afd06ff1 HTTP/1.1" 200 502 "-" "Dart/3.8 (dart:io)"
::ffff:127.0.0.1 - - [08/Sep/2025:17:49:32 +0000] "GET /api/orders/my-orders HTTP/1.1" 200 4342 "-" "Dart/3.8 (dart:io)"
::ffff:127.0.0.1 - - [08/Sep/2025:17:50:23 +0000] "GET /api/categories HTTP/1.1" 200 1293 "-" "Dart/3.8 (dart:io)"
::ffff:127.0.0.1 - - [08/Sep/2025:17:50:24 +0000] "GET /api/products?sort=newest HTTP/1.1" 200 5912 "-" "Dart/3.8 (dart:io)"
::ffff:127.0.0.1 - - [08/Sep/2025:17:50:24 +0000] "GET /api/products?sort=best_selling HTTP/1.1" 200 6232 "-" "Dart/3.8 (dart:io)"
::ffff:127.0.0.1 - - [08/Sep/2025:17:50:24 +0000] "GET /api/products?sort=exclusive HTTP/1.1" 200 6629 "-" "Dart/3.8 (dart:io)"
::ffff:127.0.0.1 - - [08/Sep/2025:17:50:24 +0000] "GET /api/carts HTTP/1.1" 404 29 "-" "Dart/3.8 (dart:io)"
::1 - - [08/Sep/2025:17:50:30 +0000] "POST /api/orders/admin/status HTTP/1.1" 200 40 "-" "PostmanRuntime/7.45.0"
::ffff:127.0.0.1 - - [08/Sep/2025:17:50:35 +0000] "GET /api/orders/my-orders HTTP/1.1" 200 4342 "-" "Dart/3.8 (dart:io)"
::ffff:127.0.0.1 - - [08/Sep/2025:17:50:35 +0000] "GET /api/orders/my-orders/68baedcdae7713b2afd06ff1 HTTP/1.1" 200 502 "-" "Dart/3.8 (dart:io)"
::1 - - [08/Sep/2025:17:50:42 +0000] "POST /api/orders/admin/status HTTP/1.1" 200 40 "-" "PostmanRuntime/7.45.0"
::ffff:127.0.0.1 - - [08/Sep/2025:17:56:11 +0000] "GET /api/categories HTTP/1.1" 200 1293 "-" "Dart/3.8 (dart:io)"
::ffff:127.0.0.1 - - [08/Sep/2025:17:56:12 +0000] "GET /api/products?sort=newest HTTP/1.1" 200 5912 "-" "Dart/3.8 (dart:io)"
::ffff:127.0.0.1 - - [08/Sep/2025:17:56:12 +0000] "GET /api/products?sort=exclusive HTTP/1.1" 200 6629 "-" "Dart/3.8 (dart:io)"
::ffff:127.0.0.1 - - [08/Sep/2025:17:56:12 +0000] "GET /api/products?sort=best_selling HTTP/1.1" 200 6232 "-" "Dart/3.8 (dart:io)"
::ffff:127.0.0.1 - - [08/Sep/2025:17:56:12 +0000] "GET /api/carts HTTP/1.1" 404 29 "-" "Dart/3.8 (dart:io)"
::ffff:127.0.0.1 - - [08/Sep/2025:17:58:24 +0000] "GET /api/carts HTTP/1.1" 404 29 "-" "Dart/3.8 (dart:io)"
::ffff:127.0.0.1 - - [08/Sep/2025:17:58:25 +0000] "GET /api/wishlists HTTP/1.1" 404 33 "-" "Dart/3.8 (dart:io)"
::ffff:127.0.0.1 - - [08/Sep/2025:17:58:25 +0000] "GET /api/users/profile HTTP/1.1" 200 115 "-" "Dart/3.8 (dart:io)"
::ffff:127.0.0.1 - - [08/Sep/2025:17:58:26 +0000] "GET /api/wishlists HTTP/1.1" 404 33 "-" "Dart/3.8 (dart:io)"
::ffff:127.0.0.1 - - [08/Sep/2025:17:58:26 +0000] "GET /api/carts HTTP/1.1" 404 29 "-" "Dart/3.8 (dart:io)"
::ffff:127.0.0.1 - - [08/Sep/2025:18:01:45 +0000] "GET /api/carts HTTP/1.1" 404 29 "-" "Dart/3.8 (dart:io)"
::ffff:127.0.0.1 - - [08/Sep/2025:18:01:46 +0000] "GET /api/users/profile HTTP/1.1" 200 115 "-" "Dart/3.8 (dart:io)"
::ffff:127.0.0.1 - - [08/Sep/2025:18:02:01 +0000] "GET /api/addresses HTTP/1.1" 200 427 "-" "Dart/3.8 (dart:io)"
::ffff:127.0.0.1 - - [08/Sep/2025:18:02:05 +0000] "GET /api/orders/my-orders HTTP/1.1" 200 4342 "-" "Dart/3.8 (dart:io)"
::ffff:127.0.0.1 - - [08/Sep/2025:18:02:09 +0000] "GET /api/orders/my-orders HTTP/1.1" 200 4342 "-" "Dart/3.8 (dart:io)"
::ffff:127.0.0.1 - - [08/Sep/2025:18:21:55 +0000] "GET /api/orders/my-orders HTTP/1.1" 200 4342 "-" "Dart/3.8 (dart:io)"
::ffff:127.0.0.1 - - [08/Sep/2025:18:22:01 +0000] "GET /api/addresses HTTP/1.1" 200 427 "-" "Dart/3.8 (dart:io)"
::ffff:127.0.0.1 - - [08/Sep/2025:18:22:04 +0000] "GET /api/orders/my-orders HTTP/1.1" 200 4342 "-" "Dart/3.8 (dart:io)"
::1 - - [23/Sep/2025:14:15:11 +0000] "POST /api/orders/admin/status HTTP/1.1" 200 40 "-" "PostmanRuntime/7.47.1"
::1 - - [23/Sep/2025:14:16:40 +0000] "POST /api/orders/admin/status HTTP/1.1" 200 40 "-" "PostmanRuntime/7.47.1"
::1 - - [23/Sep/2025:14:16:50 +0000] "POST /api/orders/admin/status HTTP/1.1" 200 40 "-" "PostmanRuntime/7.47.1"
::ffff:127.0.0.1 - - [23/Sep/2025:14:17:52 +0000] "POST /api/users/login HTTP/1.1" 500 57 "-" "Dart/3.8 (dart:io)"
::ffff:127.0.0.1 - - [23/Sep/2025:14:17:59 +0000] "POST /api/users/login HTTP/1.1" 201 412 "-" "Dart/3.8 (dart:io)"
::ffff:127.0.0.1 - - [23/Sep/2025:14:17:59 +0000] "GET /api/categories HTTP/1.1" 200 1453 "-" "Dart/3.8 (dart:io)"
::ffff:127.0.0.1 - - [23/Sep/2025:14:17:59 +0000] "GET /api/products?sort=best_selling HTTP/1.1" 200 6232 "-" "Dart/3.8 (dart:io)"
::ffff:127.0.0.1 - - [23/Sep/2025:14:17:59 +0000] "GET /api/products?sort=newest HTTP/1.1" 200 5912 "-" "Dart/3.8 (dart:io)"
::ffff:127.0.0.1 - - [23/Sep/2025:14:17:59 +0000] "GET /api/products?sort=exclusive HTTP/1.1" 200 6629 "-" "Dart/3.8 (dart:io)"
::ffff:127.0.0.1 - - [23/Sep/2025:14:18:00 +0000] "GET /api/carts HTTP/1.1" 404 29 "-" "Dart/3.8 (dart:io)"
::ffff:127.0.0.1 - - [23/Sep/2025:14:18:04 +0000] "GET /api/carts HTTP/1.1" 404 29 "-" "Dart/3.8 (dart:io)"
::ffff:127.0.0.1 - - [23/Sep/2025:14:18:04 +0000] "GET /api/wishlists HTTP/1.1" 404 33 "-" "Dart/3.8 (dart:io)"
::ffff:127.0.0.1 - - [23/Sep/2025:14:18:05 +0000] "GET /api/users/profile HTTP/1.1" 200 115 "-" "Dart/3.8 (dart:io)"
::1 - - [23/Sep/2025:14:18:10 +0000] "POST /api/orders/admin/status HTTP/1.1" 200 40 "-" "PostmanRuntime/7.47.1"
::ffff:127.0.0.1 - - [23/Sep/2025:14:18:12 +0000] "GET /api/orders/my-orders HTTP/1.1" 200 4342 "-" "Dart/3.8 (dart:io)"
::ffff:127.0.0.1 - - [23/Sep/2025:14:18:12 +0000] "GET /api/orders/my-orders/68baedcdae7713b2afd06ff1 HTTP/1.1" 200 502 "-" "Dart/3.8 (dart:io)"
::1 - - [23/Sep/2025:14:18:19 +0000] "POST /api/orders/admin/status HTTP/1.1" 200 40 "-" "PostmanRuntime/7.47.1"
::ffff:127.0.0.1 - - [23/Sep/2025:14:18:27 +0000] "GET /api/categories HTTP/1.1" 200 1453 "-" "Dart/3.8 (dart:io)"
::ffff:127.0.0.1 - - [23/Sep/2025:14:18:27 +0000] "GET /api/products?sort=exclusive HTTP/1.1" 200 6629 "-" "Dart/3.8 (dart:io)"
::ffff:127.0.0.1 - - [23/Sep/2025:14:18:27 +0000] "GET /api/products?sort=best_selling HTTP/1.1" 200 6232 "-" "Dart/3.8 (dart:io)"
::ffff:127.0.0.1 - - [23/Sep/2025:14:18:27 +0000] "GET /api/products?sort=newest HTTP/1.1" 200 5912 "-" "Dart/3.8 (dart:io)"
::ffff:127.0.0.1 - - [23/Sep/2025:14:18:28 +0000] "GET /api/carts HTTP/1.1" 404 29 "-" "Dart/3.8 (dart:io)"
::ffff:127.0.0.1 - - [23/Sep/2025:14:18:28 +0000] "GET /api/orders/my-orders HTTP/1.1" 200 4342 "-" "Dart/3.8 (dart:io)"
::ffff:127.0.0.1 - - [23/Sep/2025:14:18:28 +0000] "GET /api/orders/my-orders/68baedcdae7713b2afd06ff1 HTTP/1.1" 200 502 "-" "Dart/3.8 (dart:io)"
::ffff:127.0.0.1 - - [23/Sep/2025:14:27:27 +0000] "GET /api/categories HTTP/1.1" 200 1453 "-" "Dart/3.8 (dart:io)"
::ffff:127.0.0.1 - - [23/Sep/2025:14:27:27 +0000] "GET /api/products?sort=exclusive HTTP/1.1" 200 6629 "-" "Dart/3.8 (dart:io)"
::ffff:127.0.0.1 - - [23/Sep/2025:14:27:27 +0000] "GET /api/products?sort=best_selling HTTP/1.1" 200 6232 "-" "Dart/3.8 (dart:io)"
::ffff:127.0.0.1 - - [23/Sep/2025:14:27:27 +0000] "GET /api/products?sort=newest HTTP/1.1" 200 5912 "-" "Dart/3.8 (dart:io)"
::ffff:127.0.0.1 - - [23/Sep/2025:14:27:30 +0000] "GET /api/carts HTTP/1.1" 404 29 "-" "Dart/3.8 (dart:io)"
::1 - - [23/Sep/2025:14:27:41 +0000] "POST /api/orders/admin/status HTTP/1.1" 200 40 "-" "PostmanRuntime/7.47.1"
::ffff:127.0.0.1 - - [23/Sep/2025:14:28:03 +0000] "GET /api/categories HTTP/1.1" 200 1453 "-" "Dart/3.8 (dart:io)"
::ffff:127.0.0.1 - - [23/Sep/2025:14:28:03 +0000] "GET /api/products?sort=exclusive HTTP/1.1" 200 6629 "-" "Dart/3.8 (dart:io)"
::ffff:127.0.0.1 - - [23/Sep/2025:14:28:03 +0000] "GET /api/products?sort=best_selling HTTP/1.1" 200 6232 "-" "Dart/3.8 (dart:io)"
::ffff:127.0.0.1 - - [23/Sep/2025:14:28:03 +0000] "GET /api/products?sort=newest HTTP/1.1" 200 5912 "-" "Dart/3.8 (dart:io)"
::ffff:127.0.0.1 - - [23/Sep/2025:14:28:07 +0000] "GET /api/carts HTTP/1.1" 404 29 "-" "Dart/3.8 (dart:io)"
::1 - - [23/Sep/2025:14:34:04 +0000] "POST /api/orders/admin/status HTTP/1.1" 200 40 "-" "PostmanRuntime/7.47.1"
::ffff:127.0.0.1 - - [23/Sep/2025:14:34:27 +0000] "GET /api/products?sort=best_selling HTTP/1.1" 200 6232 "-" "Dart/3.8 (dart:io)"
::ffff:127.0.0.1 - - [23/Sep/2025:14:34:27 +0000] "GET /api/products?sort=exclusive HTTP/1.1" 200 6629 "-" "Dart/3.8 (dart:io)"
::ffff:127.0.0.1 - - [23/Sep/2025:14:34:27 +0000] "GET /api/categories HTTP/1.1" 200 1453 "-" "Dart/3.8 (dart:io)"
::ffff:127.0.0.1 - - [23/Sep/2025:14:34:27 +0000] "GET /api/products?sort=newest HTTP/1.1" 200 5912 "-" "Dart/3.8 (dart:io)"
::ffff:127.0.0.1 - - [23/Sep/2025:14:34:30 +0000] "GET /api/carts HTTP/1.1" 404 29 "-" "Dart/3.8 (dart:io)"
::ffff:127.0.0.1 - - [23/Sep/2025:14:36:28 +0000] "GET /api/carts HTTP/1.1" 404 29 "-" "Dart/3.8 (dart:io)"
::ffff:127.0.0.1 - - [23/Sep/2025:14:36:29 +0000] "GET /api/wishlists HTTP/1.1" 404 33 "-" "Dart/3.8 (dart:io)"
::ffff:127.0.0.1 - - [23/Sep/2025:14:36:30 +0000] "GET /api/users/profile HTTP/1.1" 200 115 "-" "Dart/3.8 (dart:io)"
::ffff:127.0.0.1 - - [23/Sep/2025:14:36:30 +0000] "GET /api/wishlists HTTP/1.1" 404 33 "-" "Dart/3.8 (dart:io)"
::ffff:127.0.0.1 - - [23/Sep/2025:14:36:30 +0000] "GET /api/carts HTTP/1.1" 404 29 "-" "Dart/3.8 (dart:io)"
::ffff:127.0.0.1 - - [23/Sep/2025:14:36:31 +0000] "GET /api/carts HTTP/1.1" 404 29 "-" "Dart/3.8 (dart:io)"
::ffff:127.0.0.1 - - [23/Sep/2025:14:36:32 +0000] "GET /api/users/profile HTTP/1.1" 200 115 "-" "Dart/3.8 (dart:io)"
::1 - - [23/Sep/2025:14:41:41 +0000] "POST /api/orders/admin/status HTTP/1.1" 200 40 "-" "PostmanRuntime/7.47.1"
::ffff:127.0.0.1 - - [23/Sep/2025:14:41:54 +0000] "GET /api/orders/my-orders HTTP/1.1" 200 4342 "-" "Dart/3.8 (dart:io)"
::ffff:127.0.0.1 - - [23/Sep/2025:14:41:54 +0000] "GET /api/orders/my-orders/68baedcdae7713b2afd06ff1 HTTP/1.1" 200 502 "-" "Dart/3.8 (dart:io)"
::1 - - [23/Sep/2025:14:42:03 +0000] "POST /api/orders/admin/status HTTP/1.1" 200 40 "-" "PostmanRuntime/7.47.1"
::ffff:127.0.0.1 - - [23/Sep/2025:14:42:08 +0000] "GET /api/orders/my-orders HTTP/1.1" 200 4342 "-" "Dart/3.8 (dart:io)"
::ffff:127.0.0.1 - - [23/Sep/2025:14:42:08 +0000] "GET /api/orders/my-orders/68baedcdae7713b2afd06ff1 HTTP/1.1" 200 502 "-" "Dart/3.8 (dart:io)"
::1 - - [23/Sep/2025:14:42:15 +0000] "POST /api/orders/admin/status HTTP/1.1" 200 40 "-" "PostmanRuntime/7.47.1"
::ffff:127.0.0.1 - - [23/Sep/2025:14:42:37 +0000] "GET /api/categories HTTP/1.1" 200 1453 "-" "Dart/3.8 (dart:io)"
::ffff:127.0.0.1 - - [23/Sep/2025:14:42:37 +0000] "GET /api/products?sort=best_selling HTTP/1.1" 200 6232 "-" "Dart/3.8 (dart:io)"
::ffff:127.0.0.1 - - [23/Sep/2025:14:42:37 +0000] "GET /api/products?sort=exclusive HTTP/1.1" 200 6629 "-" "Dart/3.8 (dart:io)"
::ffff:127.0.0.1 - - [23/Sep/2025:14:42:37 +0000] "GET /api/products?sort=newest HTTP/1.1" 200 5912 "-" "Dart/3.8 (dart:io)"
::ffff:127.0.0.1 - - [23/Sep/2025:14:42:40 +0000] "GET /api/carts HTTP/1.1" 404 29 "-" "Dart/3.8 (dart:io)"
::ffff:127.0.0.1 - - [23/Sep/2025:14:42:44 +0000] "GET /api/users/profile HTTP/1.1" 200 115 "-" "Dart/3.8 (dart:io)"
::1 - - [23/Sep/2025:14:53:48 +0000] "POST /api/orders/admin/status HTTP/1.1" 200 40 "-" "PostmanRuntime/7.47.1"
::ffff:127.0.0.1 - - [23/Sep/2025:14:56:59 +0000] "POST /api/users/login HTTP/1.1" 201 412 "-" "Dart/3.8 (dart:io)"
::ffff:127.0.0.1 - - [23/Sep/2025:14:57:00 +0000] "GET /api/categories HTTP/1.1" 200 1453 "-" "Dart/3.8 (dart:io)"
::ffff:127.0.0.1 - - [23/Sep/2025:14:57:00 +0000] "GET /api/products?sort=best_selling HTTP/1.1" 200 6232 "-" "Dart/3.8 (dart:io)"
::ffff:127.0.0.1 - - [23/Sep/2025:14:57:00 +0000] "GET /api/products?sort=newest HTTP/1.1" 200 5912 "-" "Dart/3.8 (dart:io)"
::ffff:127.0.0.1 - - [23/Sep/2025:14:57:00 +0000] "GET /api/products?sort=exclusive HTTP/1.1" 200 6629 "-" "Dart/3.8 (dart:io)"
::ffff:127.0.0.1 - - [23/Sep/2025:14:57:01 +0000] "GET /api/carts HTTP/1.1" 404 29 "-" "Dart/3.8 (dart:io)"
::1 - - [23/Sep/2025:14:57:37 +0000] "POST /api/orders/admin/status HTTP/1.1" 200 40 "-" "PostmanRuntime/7.47.1"
::ffff:127.0.0.1 - - [23/Sep/2025:14:57:44 +0000] "GET /api/orders/my-orders HTTP/1.1" 200 4342 "-" "Dart/3.8 (dart:io)"
::ffff:127.0.0.1 - - [23/Sep/2025:14:57:44 +0000] "GET /api/orders/my-orders/68baedcdae7713b2afd06ff1 HTTP/1.1" 200 502 "-" "Dart/3.8 (dart:io)"
::1 - - [23/Sep/2025:14:57:57 +0000] "POST /api/orders/admin/status HTTP/1.1" 200 40 "-" "PostmanRuntime/7.47.1"
::ffff:127.0.0.1 - - [23/Sep/2025:14:58:03 +0000] "GET /api/orders/my-orders HTTP/1.1" 200 4342 "-" "Dart/3.8 (dart:io)"
::ffff:127.0.0.1 - - [23/Sep/2025:14:58:03 +0000] "GET /api/orders/my-orders/68baedcdae7713b2afd06ff1 HTTP/1.1" 200 502 "-" "Dart/3.8 (dart:io)"
::1 - - [23/Sep/2025:14:58:17 +0000] "POST /api/orders/admin/status HTTP/1.1" 200 40 "-" "PostmanRuntime/7.47.1"
::ffff:127.0.0.1 - - [23/Sep/2025:14:58:34 +0000] "GET /api/categories HTTP/1.1" 200 1453 "-" "Dart/3.8 (dart:io)"
::ffff:127.0.0.1 - - [23/Sep/2025:14:58:34 +0000] "GET /api/products?sort=best_selling HTTP/1.1" 200 6232 "-" "Dart/3.8 (dart:io)"
::ffff:127.0.0.1 - - [23/Sep/2025:14:58:34 +0000] "GET /api/products?sort=exclusive HTTP/1.1" 200 6629 "-" "Dart/3.8 (dart:io)"
::ffff:127.0.0.1 - - [23/Sep/2025:14:58:34 +0000] "GET /api/products?sort=newest HTTP/1.1" 200 5912 "-" "Dart/3.8 (dart:io)"
::ffff:127.0.0.1 - - [23/Sep/2025:14:58:38 +0000] "GET /api/carts HTTP/1.1" 404 29 "-" "Dart/3.8 (dart:io)"
::1 - - [23/Sep/2025:15:05:58 +0000] "POST /api/orders/admin/status HTTP/1.1" 200 40 "-" "PostmanRuntime/7.47.1"
::ffff:127.0.0.1 - - [23/Sep/2025:15:06:12 +0000] "GET /api/categories HTTP/1.1" 200 1453 "-" "Dart/3.8 (dart:io)"
::ffff:127.0.0.1 - - [23/Sep/2025:15:06:12 +0000] "GET /api/products?sort=newest HTTP/1.1" 200 5912 "-" "Dart/3.8 (dart:io)"
::ffff:127.0.0.1 - - [23/Sep/2025:15:06:12 +0000] "GET /api/products?sort=exclusive HTTP/1.1" 200 6629 "-" "Dart/3.8 (dart:io)"
::ffff:127.0.0.1 - - [23/Sep/2025:15:06:12 +0000] "GET /api/products?sort=best_selling HTTP/1.1" 200 6232 "-" "Dart/3.8 (dart:io)"
::ffff:127.0.0.1 - - [23/Sep/2025:15:06:14 +0000] "GET /api/carts HTTP/1.1" 404 29 "-" "Dart/3.8 (dart:io)"
::1 - - [23/Sep/2025:15:06:32 +0000] "POST /api/orders/admin/status HTTP/1.1" 200 40 "-" "PostmanRuntime/7.47.1"
::ffff:127.0.0.1 - - [23/Sep/2025:15:06:34 +0000] "GET /api/orders/my-orders HTTP/1.1" 200 4342 "-" "Dart/3.8 (dart:io)"
::ffff:127.0.0.1 - - [23/Sep/2025:15:06:34 +0000] "GET /api/orders/my-orders/68baedcdae7713b2afd06ff1 HTTP/1.1" 200 502 "-" "Dart/3.8 (dart:io)"
::1 - - [23/Sep/2025:15:06:40 +0000] "POST /api/orders/admin/status HTTP/1.1" 200 40 "-" "PostmanRuntime/7.47.1"
::ffff:127.0.0.1 - - [23/Sep/2025:15:06:43 +0000] "GET /api/orders/my-orders HTTP/1.1" 200 4342 "-" "Dart/3.8 (dart:io)"
::ffff:127.0.0.1 - - [23/Sep/2025:15:06:43 +0000] "GET /api/orders/my-orders/68baedcdae7713b2afd06ff1 HTTP/1.1" 200 502 "-" "Dart/3.8 (dart:io)"
::ffff:127.0.0.1 - - [23/Sep/2025:15:15:31 +0000] "GET /api/wishlists/is-in-wishlist/67f3b4e6e3d9b5f8a18f6e47 HTTP/1.1" 200 5 "-" "Dart/3.8 (dart:io)"
::ffff:127.0.0.1 - - [23/Sep/2025:15:15:31 +0000] "GET /api/products/67f3b4e6e3d9b5f8a18f6e47 HTTP/1.1" 200 698 "-" "Dart/3.8 (dart:io)"
::ffff:127.0.0.1 - - [23/Sep/2025:15:16:37 +0000] "GET /api/categories HTTP/1.1" 200 1453 "-" "Dart/3.8 (dart:io)"
::ffff:127.0.0.1 - - [23/Sep/2025:15:16:37 +0000] "GET /api/products?sort=exclusive HTTP/1.1" 200 6629 "-" "Dart/3.8 (dart:io)"
::ffff:127.0.0.1 - - [23/Sep/2025:15:16:37 +0000] "GET /api/products?sort=newest HTTP/1.1" 200 5912 "-" "Dart/3.8 (dart:io)"
::ffff:127.0.0.1 - - [23/Sep/2025:15:16:37 +0000] "GET /api/products?sort=best_selling HTTP/1.1" 200 6232 "-" "Dart/3.8 (dart:io)"
::ffff:127.0.0.1 - - [23/Sep/2025:15:16:40 +0000] "GET /api/carts HTTP/1.1" 404 29 "-" "Dart/3.8 (dart:io)"
::1 - - [23/Sep/2025:15:16:48 +0000] "POST /api/orders/admin/status HTTP/1.1" 200 40 "-" "PostmanRuntime/7.47.1"
::ffff:127.0.0.1 - - [23/Sep/2025:15:17:21 +0000] "GET /api/categories HTTP/1.1" 200 1453 "-" "Dart/3.8 (dart:io)"
::ffff:127.0.0.1 - - [23/Sep/2025:15:17:21 +0000] "GET /api/products?sort=best_selling HTTP/1.1" 200 6232 "-" "Dart/3.8 (dart:io)"
::ffff:127.0.0.1 - - [23/Sep/2025:15:17:21 +0000] "GET /api/products?sort=exclusive HTTP/1.1" 200 6629 "-" "Dart/3.8 (dart:io)"
::ffff:127.0.0.1 - - [23/Sep/2025:15:17:21 +0000] "GET /api/products?sort=newest HTTP/1.1" 200 5912 "-" "Dart/3.8 (dart:io)"
::ffff:127.0.0.1 - - [23/Sep/2025:15:17:25 +0000] "GET /api/carts HTTP/1.1" 404 29 "-" "Dart/3.8 (dart:io)"
::ffff:127.0.0.1 - - [23/Sep/2025:15:20:39 +0000] "GET /api/categories HTTP/1.1" 200 1453 "-" "Dart/3.8 (dart:io)"
::ffff:127.0.0.1 - - [23/Sep/2025:15:20:39 +0000] "GET /api/products?sort=exclusive HTTP/1.1" 200 6629 "-" "Dart/3.8 (dart:io)"
::ffff:127.0.0.1 - - [23/Sep/2025:15:20:39 +0000] "GET /api/products?sort=newest HTTP/1.1" 200 5912 "-" "Dart/3.8 (dart:io)"
::ffff:127.0.0.1 - - [23/Sep/2025:15:20:39 +0000] "GET /api/products?sort=best_selling HTTP/1.1" 200 6232 "-" "Dart/3.8 (dart:io)"
::ffff:127.0.0.1 - - [23/Sep/2025:15:20:42 +0000] "GET /api/carts HTTP/1.1" 404 29 "-" "Dart/3.8 (dart:io)"
::1 - - [23/Sep/2025:15:20:56 +0000] "POST /api/orders/admin/status HTTP/1.1" 200 40 "-" "PostmanRuntime/7.47.1"
::ffff:127.0.0.1 - - [23/Sep/2025:15:21:18 +0000] "GET /api/categories HTTP/1.1" 200 1453 "-" "Dart/3.8 (dart:io)"
::ffff:127.0.0.1 - - [23/Sep/2025:15:21:18 +0000] "GET /api/products?sort=exclusive HTTP/1.1" 200 6629 "-" "Dart/3.8 (dart:io)"
::ffff:127.0.0.1 - - [23/Sep/2025:15:21:18 +0000] "GET /api/products?sort=best_selling HTTP/1.1" 200 6232 "-" "Dart/3.8 (dart:io)"
::ffff:127.0.0.1 - - [23/Sep/2025:15:21:18 +0000] "GET /api/products?sort=newest HTTP/1.1" 200 5912 "-" "Dart/3.8 (dart:io)"
::ffff:127.0.0.1 - - [23/Sep/2025:15:21:20 +0000] "GET /api/carts HTTP/1.1" 404 29 "-" "Dart/3.8 (dart:io)"
::ffff:127.0.0.1 - - [23/Sep/2025:15:23:12 +0000] "GET /api/categories HTTP/1.1" 200 1453 "-" "Dart/3.8 (dart:io)"
::ffff:127.0.0.1 - - [23/Sep/2025:15:23:12 +0000] "GET /api/products?sort=best_selling HTTP/1.1" 200 6232 "-" "Dart/3.8 (dart:io)"
::ffff:127.0.0.1 - - [23/Sep/2025:15:23:12 +0000] "GET /api/products?sort=newest HTTP/1.1" 200 5912 "-" "Dart/3.8 (dart:io)"
::ffff:127.0.0.1 - - [23/Sep/2025:15:23:12 +0000] "GET /api/products?sort=exclusive HTTP/1.1" 200 6629 "-" "Dart/3.8 (dart:io)"
::ffff:127.0.0.1 - - [23/Sep/2025:15:23:16 +0000] "GET /api/carts HTTP/1.1" 404 29 "-" "Dart/3.8 (dart:io)"
::1 - - [23/Sep/2025:15:23:19 +0000] "POST /api/orders/admin/status HTTP/1.1" 200 40 "-" "PostmanRuntime/7.47.1"
::ffff:127.0.0.1 - - [23/Sep/2025:15:23:40 +0000] "GET /api/categories HTTP/1.1" 200 1453 "-" "Dart/3.8 (dart:io)"
::ffff:127.0.0.1 - - [23/Sep/2025:15:23:41 +0000] "GET /api/products?sort=newest HTTP/1.1" 200 5912 "-" "Dart/3.8 (dart:io)"
::ffff:127.0.0.1 - - [23/Sep/2025:15:23:41 +0000] "GET /api/products?sort=exclusive HTTP/1.1" 200 6629 "-" "Dart/3.8 (dart:io)"
::ffff:127.0.0.1 - - [23/Sep/2025:15:23:41 +0000] "GET /api/products?sort=best_selling HTTP/1.1" 200 6232 "-" "Dart/3.8 (dart:io)"
::ffff:127.0.0.1 - - [23/Sep/2025:15:23:42 +0000] "GET /api/carts HTTP/1.1" 404 29 "-" "Dart/3.8 (dart:io)"
::ffff:127.0.0.1 - - [23/Sep/2025:15:24:44 +0000] "GET /api/categories HTTP/1.1" 200 1453 "-" "Dart/3.8 (dart:io)"
::ffff:127.0.0.1 - - [23/Sep/2025:15:24:44 +0000] "GET /api/products?sort=exclusive HTTP/1.1" 200 6629 "-" "Dart/3.8 (dart:io)"
::ffff:127.0.0.1 - - [23/Sep/2025:15:24:44 +0000] "GET /api/products?sort=newest HTTP/1.1" 200 5912 "-" "Dart/3.8 (dart:io)"
::ffff:127.0.0.1 - - [23/Sep/2025:15:24:44 +0000] "GET /api/products?sort=best_selling HTTP/1.1" 200 6232 "-" "Dart/3.8 (dart:io)"
::ffff:127.0.0.1 - - [23/Sep/2025:15:24:47 +0000] "GET /api/carts HTTP/1.1" 404 29 "-" "Dart/3.8 (dart:io)"
::1 - - [23/Sep/2025:15:24:59 +0000] "POST /api/orders/admin/status HTTP/1.1" 200 40 "-" "PostmanRuntime/7.47.1"
::ffff:127.0.0.1 - - [23/Sep/2025:15:25:14 +0000] "GET /api/categories HTTP/1.1" 200 1453 "-" "Dart/3.8 (dart:io)"
::ffff:127.0.0.1 - - [23/Sep/2025:15:25:14 +0000] "GET /api/products?sort=best_selling HTTP/1.1" 200 6232 "-" "Dart/3.8 (dart:io)"
::ffff:127.0.0.1 - - [23/Sep/2025:15:25:14 +0000] "GET /api/products?sort=exclusive HTTP/1.1" 200 6629 "-" "Dart/3.8 (dart:io)"
::ffff:127.0.0.1 - - [23/Sep/2025:15:25:14 +0000] "GET /api/products?sort=newest HTTP/1.1" 200 5912 "-" "Dart/3.8 (dart:io)"
::ffff:127.0.0.1 - - [23/Sep/2025:15:25:15 +0000] "GET /api/carts HTTP/1.1" 404 29 "-" "Dart/3.8 (dart:io)"
::ffff:127.0.0.1 - - [23/Sep/2025:15:25:15 +0000] "GET /api/orders/my-orders HTTP/1.1" 200 4342 "-" "Dart/3.8 (dart:io)"
::ffff:127.0.0.1 - - [23/Sep/2025:15:28:12 +0000] "GET /api/categories HTTP/1.1" 200 1453 "-" "Dart/3.8 (dart:io)"
::ffff:127.0.0.1 - - [23/Sep/2025:15:28:12 +0000] "GET /api/products?sort=exclusive HTTP/1.1" 200 6629 "-" "Dart/3.8 (dart:io)"
::ffff:127.0.0.1 - - [23/Sep/2025:15:28:12 +0000] "GET /api/products?sort=newest HTTP/1.1" 200 5912 "-" "Dart/3.8 (dart:io)"
::ffff:127.0.0.1 - - [23/Sep/2025:15:28:12 +0000] "GET /api/products?sort=best_selling HTTP/1.1" 200 6232 "-" "Dart/3.8 (dart:io)"
::ffff:127.0.0.1 - - [23/Sep/2025:15:28:18 +0000] "GET /api/carts HTTP/1.1" 404 29 "-" "Dart/3.8 (dart:io)"
::1 - - [23/Sep/2025:15:28:27 +0000] "POST /api/orders/admin/status HTTP/1.1" 200 40 "-" "PostmanRuntime/7.47.1"
::ffff:127.0.0.1 - - [23/Sep/2025:15:28:49 +0000] "GET /api/categories HTTP/1.1" 200 1453 "-" "Dart/3.8 (dart:io)"
::ffff:127.0.0.1 - - [23/Sep/2025:15:28:49 +0000] "GET /api/products?sort=exclusive HTTP/1.1" 200 6629 "-" "Dart/3.8 (dart:io)"
::ffff:127.0.0.1 - - [23/Sep/2025:15:28:49 +0000] "GET /api/products?sort=best_selling HTTP/1.1" 200 6232 "-" "Dart/3.8 (dart:io)"
::ffff:127.0.0.1 - - [23/Sep/2025:15:28:49 +0000] "GET /api/products?sort=newest HTTP/1.1" 200 5912 "-" "Dart/3.8 (dart:io)"
::ffff:127.0.0.1 - - [23/Sep/2025:15:28:51 +0000] "GET /api/carts HTTP/1.1" 404 29 "-" "Dart/3.8 (dart:io)"
::ffff:127.0.0.1 - - [23/Sep/2025:15:28:51 +0000] "GET /api/orders/my-orders HTTP/1.1" 200 4342 "-" "Dart/3.8 (dart:io)"
::ffff:127.0.0.1 - - [23/Sep/2025:15:29:58 +0000] "GET /api/categories HTTP/1.1" 200 1453 "-" "Dart/3.8 (dart:io)"
::ffff:127.0.0.1 - - [23/Sep/2025:15:29:58 +0000] "GET /api/products?sort=exclusive HTTP/1.1" 200 6629 "-" "Dart/3.8 (dart:io)"
::ffff:127.0.0.1 - - [23/Sep/2025:15:29:58 +0000] "GET /api/products?sort=best_selling HTTP/1.1" 200 6232 "-" "Dart/3.8 (dart:io)"
::ffff:127.0.0.1 - - [23/Sep/2025:15:29:58 +0000] "GET /api/products?sort=newest HTTP/1.1" 200 5912 "-" "Dart/3.8 (dart:io)"
::ffff:127.0.0.1 - - [23/Sep/2025:15:30:00 +0000] "GET /api/carts HTTP/1.1" 404 29 "-" "Dart/3.8 (dart:io)"
::1 - - [23/Sep/2025:15:30:09 +0000] "POST /api/orders/admin/status HTTP/1.1" 200 40 "-" "PostmanRuntime/7.47.1"
::ffff:127.0.0.1 - - [23/Sep/2025:15:30:24 +0000] "GET /api/categories HTTP/1.1" 200 1453 "-" "Dart/3.8 (dart:io)"
::ffff:127.0.0.1 - - [23/Sep/2025:15:30:24 +0000] "GET /api/products?sort=best_selling HTTP/1.1" 200 6232 "-" "Dart/3.8 (dart:io)"
::ffff:127.0.0.1 - - [23/Sep/2025:15:30:24 +0000] "GET /api/products?sort=exclusive HTTP/1.1" 200 6629 "-" "Dart/3.8 (dart:io)"
::ffff:127.0.0.1 - - [23/Sep/2025:15:30:24 +0000] "GET /api/products?sort=newest HTTP/1.1" 200 5912 "-" "Dart/3.8 (dart:io)"
::ffff:127.0.0.1 - - [23/Sep/2025:15:30:26 +0000] "GET /api/carts HTTP/1.1" 404 29 "-" "Dart/3.8 (dart:io)"
::1 - - [23/Sep/2025:15:30:44 +0000] "POST /api/orders/admin/status HTTP/1.1" 200 40 "-" "PostmanRuntime/7.47.1"
::ffff:127.0.0.1 - - [23/Sep/2025:15:30:54 +0000] "GET /api/categories HTTP/1.1" 200 1453 "-" "Dart/3.8 (dart:io)"
::ffff:127.0.0.1 - - [23/Sep/2025:15:30:54 +0000] "GET /api/products?sort=newest HTTP/1.1" 200 5912 "-" "Dart/3.8 (dart:io)"
::ffff:127.0.0.1 - - [23/Sep/2025:15:30:54 +0000] "GET /api/products?sort=exclusive HTTP/1.1" 200 6629 "-" "Dart/3.8 (dart:io)"
::ffff:127.0.0.1 - - [23/Sep/2025:15:30:54 +0000] "GET /api/products?sort=best_selling HTTP/1.1" 200 6232 "-" "Dart/3.8 (dart:io)"
::ffff:127.0.0.1 - - [23/Sep/2025:15:30:56 +0000] "GET /api/carts HTTP/1.1" 404 29 "-" "Dart/3.8 (dart:io)"
::ffff:127.0.0.1 - - [23/Sep/2025:15:30:56 +0000] "GET /api/orders/my-orders HTTP/1.1" 200 4342 "-" "Dart/3.8 (dart:io)"
::ffff:127.0.0.1 - - [23/Sep/2025:15:32:38 +0000] "GET /api/categories HTTP/1.1" 200 1453 "-" "Dart/3.8 (dart:io)"
::ffff:127.0.0.1 - - [23/Sep/2025:15:32:38 +0000] "GET /api/products?sort=newest HTTP/1.1" 200 5912 "-" "Dart/3.8 (dart:io)"
::ffff:127.0.0.1 - - [23/Sep/2025:15:32:38 +0000] "GET /api/products?sort=exclusive HTTP/1.1" 200 6629 "-" "Dart/3.8 (dart:io)"
::ffff:127.0.0.1 - - [23/Sep/2025:15:32:38 +0000] "GET /api/products?sort=best_selling HTTP/1.1" 200 6232 "-" "Dart/3.8 (dart:io)"
::ffff:127.0.0.1 - - [23/Sep/2025:15:32:41 +0000] "GET /api/carts HTTP/1.1" 404 29 "-" "Dart/3.8 (dart:io)"
::ffff:127.0.0.1 - - [23/Sep/2025:15:33:30 +0000] "GET /api/categories HTTP/1.1" 200 1453 "-" "Dart/3.8 (dart:io)"
::ffff:127.0.0.1 - - [23/Sep/2025:15:33:30 +0000] "GET /api/products?sort=exclusive HTTP/1.1" 200 6629 "-" "Dart/3.8 (dart:io)"
::ffff:127.0.0.1 - - [23/Sep/2025:15:33:30 +0000] "GET /api/products?sort=newest HTTP/1.1" 200 5912 "-" "Dart/3.8 (dart:io)"
::ffff:127.0.0.1 - - [23/Sep/2025:15:33:30 +0000] "GET /api/products?sort=best_selling HTTP/1.1" 200 6232 "-" "Dart/3.8 (dart:io)"
::ffff:127.0.0.1 - - [23/Sep/2025:15:33:32 +0000] "GET /api/carts HTTP/1.1" 404 29 "-" "Dart/3.8 (dart:io)"
::1 - - [23/Sep/2025:15:33:42 +0000] "POST /api/orders/admin/status HTTP/1.1" 200 40 "-" "PostmanRuntime/7.47.1"
::ffff:127.0.0.1 - - [23/Sep/2025:15:33:56 +0000] "GET /api/categories HTTP/1.1" 200 1453 "-" "Dart/3.8 (dart:io)"
::ffff:127.0.0.1 - - [23/Sep/2025:15:33:56 +0000] "GET /api/products?sort=best_selling HTTP/1.1" 200 6232 "-" "Dart/3.8 (dart:io)"
::ffff:127.0.0.1 - - [23/Sep/2025:15:33:56 +0000] "GET /api/products?sort=exclusive HTTP/1.1" 200 6629 "-" "Dart/3.8 (dart:io)"
::ffff:127.0.0.1 - - [23/Sep/2025:15:33:56 +0000] "GET /api/products?sort=newest HTTP/1.1" 200 5912 "-" "Dart/3.8 (dart:io)"
::ffff:127.0.0.1 - - [23/Sep/2025:15:33:58 +0000] "GET /api/orders/my-orders HTTP/1.1" 200 4342 "-" "Dart/3.8 (dart:io)"
::ffff:127.0.0.1 - - [23/Sep/2025:15:33:58 +0000] "GET /api/carts HTTP/1.1" 404 29 "-" "Dart/3.8 (dart:io)"
::ffff:127.0.0.1 - - [23/Sep/2025:15:33:58 +0000] "GET /api/orders/my-orders/68baedcdae7713b2afd06ff1 HTTP/1.1" 200 502 "-" "Dart/3.8 (dart:io)"
::1 - - [23/Sep/2025:15:34:34 +0000] "POST /api/orders/admin/status HTTP/1.1" 200 40 "-" "PostmanRuntime/7.47.1"
::ffff:127.0.0.1 - - [23/Sep/2025:15:34:44 +0000] "GET /api/categories HTTP/1.1" 200 1453 "-" "Dart/3.8 (dart:io)"
::ffff:127.0.0.1 - - [23/Sep/2025:15:34:44 +0000] "GET /api/products?sort=best_selling HTTP/1.1" 200 6232 "-" "Dart/3.8 (dart:io)"
::ffff:127.0.0.1 - - [23/Sep/2025:15:34:44 +0000] "GET /api/products?sort=exclusive HTTP/1.1" 200 6629 "-" "Dart/3.8 (dart:io)"
::ffff:127.0.0.1 - - [23/Sep/2025:15:34:44 +0000] "GET /api/products?sort=newest HTTP/1.1" 200 5912 "-" "Dart/3.8 (dart:io)"
::ffff:127.0.0.1 - - [23/Sep/2025:15:34:46 +0000] "GET /api/orders/my-orders HTTP/1.1" 200 4342 "-" "Dart/3.8 (dart:io)"
::ffff:127.0.0.1 - - [23/Sep/2025:15:34:46 +0000] "GET /api/carts HTTP/1.1" 404 29 "-" "Dart/3.8 (dart:io)"
::1 - - [23/Sep/2025:15:35:45 +0000] "POST /api/orders/admin/status HTTP/1.1" 200 40 "-" "PostmanRuntime/7.47.1"
::ffff:127.0.0.1 - - [23/Sep/2025:15:36:00 +0000] "GET /api/categories HTTP/1.1" 200 1453 "-" "Dart/3.8 (dart:io)"
::ffff:127.0.0.1 - - [23/Sep/2025:15:36:00 +0000] "GET /api/products?sort=newest HTTP/1.1" 200 5912 "-" "Dart/3.8 (dart:io)"
::ffff:127.0.0.1 - - [23/Sep/2025:15:36:00 +0000] "GET /api/products?sort=exclusive HTTP/1.1" 200 6629 "-" "Dart/3.8 (dart:io)"
::ffff:127.0.0.1 - - [23/Sep/2025:15:36:00 +0000] "GET /api/products?sort=best_selling HTTP/1.1" 200 6232 "-" "Dart/3.8 (dart:io)"
::ffff:127.0.0.1 - - [23/Sep/2025:15:36:02 +0000] "GET /api/carts HTTP/1.1" 404 29 "-" "Dart/3.8 (dart:io)"
::ffff:127.0.0.1 - - [23/Sep/2025:15:36:02 +0000] "GET /api/orders/my-orders HTTP/1.1" 200 4342 "-" "Dart/3.8 (dart:io)"
::ffff:127.0.0.1 - - [23/Sep/2025:15:40:18 +0000] "GET /api/categories HTTP/1.1" 200 1453 "-" "Dart/3.8 (dart:io)"
::ffff:127.0.0.1 - - [23/Sep/2025:15:40:19 +0000] "GET /api/products?sort=newest HTTP/1.1" 200 5912 "-" "Dart/3.8 (dart:io)"
::ffff:127.0.0.1 - - [23/Sep/2025:15:40:19 +0000] "GET /api/products?sort=exclusive HTTP/1.1" 200 6629 "-" "Dart/3.8 (dart:io)"
::ffff:127.0.0.1 - - [23/Sep/2025:15:40:19 +0000] "GET /api/products?sort=best_selling HTTP/1.1" 200 6232 "-" "Dart/3.8 (dart:io)"
::ffff:127.0.0.1 - - [23/Sep/2025:15:40:21 +0000] "GET /api/carts HTTP/1.1" 404 29 "-" "Dart/3.8 (dart:io)"
::1 - - [23/Sep/2025:15:40:26 +0000] "POST /api/orders/admin/status HTTP/1.1" 200 40 "-" "PostmanRuntime/7.47.1"
::ffff:127.0.0.1 - - [23/Sep/2025:15:40:42 +0000] "GET /api/categories HTTP/1.1" 200 1453 "-" "Dart/3.8 (dart:io)"
::ffff:127.0.0.1 - - [23/Sep/2025:15:40:42 +0000] "GET /api/products?sort=exclusive HTTP/1.1" 200 6629 "-" "Dart/3.8 (dart:io)"
::ffff:127.0.0.1 - - [23/Sep/2025:15:40:42 +0000] "GET /api/products?sort=newest HTTP/1.1" 200 5912 "-" "Dart/3.8 (dart:io)"
::ffff:127.0.0.1 - - [23/Sep/2025:15:40:42 +0000] "GET /api/products?sort=best_selling HTTP/1.1" 200 6232 "-" "Dart/3.8 (dart:io)"
::ffff:127.0.0.1 - - [23/Sep/2025:15:40:44 +0000] "GET /api/carts HTTP/1.1" 404 29 "-" "Dart/3.8 (dart:io)"
::ffff:127.0.0.1 - - [23/Sep/2025:15:40:44 +0000] "GET /api/orders/my-orders/68baedcdae7713b2afd06ff1 HTTP/1.1" 200 502 "-" "Dart/3.8 (dart:io)"
::ffff:127.0.0.1 - - [23/Sep/2025:15:40:44 +0000] "GET /api/orders/my-orders HTTP/1.1" 200 4342 "-" "Dart/3.8 (dart:io)"
::1 - - [23/Sep/2025:15:40:50 +0000] "POST /api/orders/admin/status HTTP/1.1" 200 40 "-" "PostmanRuntime/7.47.1"
::ffff:127.0.0.1 - - [23/Sep/2025:15:41:04 +0000] "GET /api/categories HTTP/1.1" 200 1453 "-" "Dart/3.8 (dart:io)"
::ffff:127.0.0.1 - - [23/Sep/2025:15:41:04 +0000] "GET /api/products?sort=newest HTTP/1.1" 200 5912 "-" "Dart/3.8 (dart:io)"
::ffff:127.0.0.1 - - [23/Sep/2025:15:41:04 +0000] "GET /api/products?sort=exclusive HTTP/1.1" 200 6629 "-" "Dart/3.8 (dart:io)"
::ffff:127.0.0.1 - - [23/Sep/2025:15:41:04 +0000] "GET /api/products?sort=best_selling HTTP/1.1" 200 6232 "-" "Dart/3.8 (dart:io)"
::ffff:127.0.0.1 - - [23/Sep/2025:15:41:06 +0000] "GET /api/carts HTTP/1.1" 404 29 "-" "Dart/3.8 (dart:io)"
::ffff:127.0.0.1 - - [23/Sep/2025:15:41:06 +0000] "GET /api/orders/my-orders HTTP/1.1" 200 4342 "-" "Dart/3.8 (dart:io)"
::ffff:127.0.0.1 - - [23/Sep/2025:15:41:06 +0000] "GET /api/orders/my-orders/68baedcdae7713b2afd06ff1 HTTP/1.1" 200 502 "-" "Dart/3.8 (dart:io)"
::1 - - [23/Sep/2025:15:43:34 +0000] "POST /api/orders/admin/status HTTP/1.1" 200 40 "-" "PostmanRuntime/7.47.1"
::ffff:127.0.0.1 - - [23/Sep/2025:15:43:43 +0000] "GET /api/categories HTTP/1.1" 200 1453 "-" "Dart/3.8 (dart:io)"
::ffff:127.0.0.1 - - [23/Sep/2025:15:43:43 +0000] "GET /api/products?sort=newest HTTP/1.1" 200 5912 "-" "Dart/3.8 (dart:io)"
::ffff:127.0.0.1 - - [23/Sep/2025:15:43:43 +0000] "GET /api/products?sort=exclusive HTTP/1.1" 200 6629 "-" "Dart/3.8 (dart:io)"
::ffff:127.0.0.1 - - [23/Sep/2025:15:43:43 +0000] "GET /api/products?sort=best_selling HTTP/1.1" 200 6232 "-" "Dart/3.8 (dart:io)"
::ffff:127.0.0.1 - - [23/Sep/2025:15:43:44 +0000] "GET /api/carts HTTP/1.1" 404 29 "-" "Dart/3.8 (dart:io)"
::ffff:127.0.0.1 - - [23/Sep/2025:15:43:44 +0000] "GET /api/orders/my-orders HTTP/1.1" 200 4342 "-" "Dart/3.8 (dart:io)"
::ffff:127.0.0.1 - - [23/Sep/2025:15:43:44 +0000] "GET /api/orders/my-orders/68baedcdae7713b2afd06ff1 HTTP/1.1" 200 502 "-" "Dart/3.8 (dart:io)"
::ffff:127.0.0.1 - - [23/Sep/2025:15:48:10 +0000] "GET /api/categories HTTP/1.1" 200 1453 "-" "Dart/3.8 (dart:io)"
::ffff:127.0.0.1 - - [23/Sep/2025:15:48:10 +0000] "GET /api/products?sort=newest HTTP/1.1" 200 5912 "-" "Dart/3.8 (dart:io)"
::ffff:127.0.0.1 - - [23/Sep/2025:15:48:10 +0000] "GET /api/products?sort=exclusive HTTP/1.1" 200 6629 "-" "Dart/3.8 (dart:io)"
::ffff:127.0.0.1 - - [23/Sep/2025:15:48:10 +0000] "GET /api/products?sort=best_selling HTTP/1.1" 200 6232 "-" "Dart/3.8 (dart:io)"
::ffff:127.0.0.1 - - [23/Sep/2025:15:48:12 +0000] "GET /api/carts HTTP/1.1" 404 29 "-" "Dart/3.8 (dart:io)"
::1 - - [23/Sep/2025:15:48:20 +0000] "POST /api/orders/admin/status HTTP/1.1" 200 40 "-" "PostmanRuntime/7.47.1"
::ffff:127.0.0.1 - - [23/Sep/2025:15:48:31 +0000] "GET /api/orders/my-orders HTTP/1.1" 200 4342 "-" "Dart/3.8 (dart:io)"
::ffff:127.0.0.1 - - [23/Sep/2025:15:48:31 +0000] "GET /api/orders/my-orders/68baedcdae7713b2afd06ff1 HTTP/1.1" 200 502 "-" "Dart/3.8 (dart:io)"
::1 - - [23/Sep/2025:15:48:46 +0000] "POST /api/orders/admin/status HTTP/1.1" 200 40 "-" "PostmanRuntime/7.47.1"
::ffff:127.0.0.1 - - [23/Sep/2025:15:48:52 +0000] "GET /api/orders/my-orders HTTP/1.1" 200 4342 "-" "Dart/3.8 (dart:io)"
::ffff:127.0.0.1 - - [23/Sep/2025:15:48:52 +0000] "GET /api/orders/my-orders/68baedcdae7713b2afd06ff1 HTTP/1.1" 200 502 "-" "Dart/3.8 (dart:io)"
::1 - - [23/Sep/2025:15:49:00 +0000] "POST /api/orders/admin/status HTTP/1.1" 200 40 "-" "PostmanRuntime/7.47.1"
::ffff:127.0.0.1 - - [23/Sep/2025:15:49:12 +0000] "GET /api/categories HTTP/1.1" 200 1453 "-" "Dart/3.8 (dart:io)"
::ffff:127.0.0.1 - - [23/Sep/2025:15:49:12 +0000] "GET /api/products?sort=exclusive HTTP/1.1" 200 6629 "-" "Dart/3.8 (dart:io)"
::ffff:127.0.0.1 - - [23/Sep/2025:15:49:12 +0000] "GET /api/products?sort=best_selling HTTP/1.1" 200 6232 "-" "Dart/3.8 (dart:io)"
::ffff:127.0.0.1 - - [23/Sep/2025:15:49:12 +0000] "GET /api/products?sort=newest HTTP/1.1" 200 5912 "-" "Dart/3.8 (dart:io)"
::ffff:127.0.0.1 - - [23/Sep/2025:15:49:13 +0000] "GET /api/carts HTTP/1.1" 404 29 "-" "Dart/3.8 (dart:io)"
::ffff:127.0.0.1 - - [23/Sep/2025:15:59:37 +0000] "GET /api/categories HTTP/1.1" 200 1453 "-" "Dart/3.8 (dart:io)"
::ffff:127.0.0.1 - - [23/Sep/2025:15:59:37 +0000] "GET /api/products?sort=exclusive HTTP/1.1" 200 6629 "-" "Dart/3.8 (dart:io)"
::ffff:127.0.0.1 - - [23/Sep/2025:15:59:37 +0000] "GET /api/products?sort=best_selling HTTP/1.1" 200 6232 "-" "Dart/3.8 (dart:io)"
::ffff:127.0.0.1 - - [23/Sep/2025:15:59:37 +0000] "GET /api/products?sort=newest HTTP/1.1" 200 5912 "-" "Dart/3.8 (dart:io)"
::ffff:127.0.0.1 - - [23/Sep/2025:15:59:39 +0000] "GET /api/carts HTTP/1.1" 404 29 "-" "Dart/3.8 (dart:io)"
::1 - - [23/Sep/2025:15:59:42 +0000] "POST /api/orders/admin/status HTTP/1.1" 200 40 "-" "PostmanRuntime/7.47.1"
::ffff:127.0.0.1 - - [23/Sep/2025:16:00:04 +0000] "GET /api/categories HTTP/1.1" 200 1453 "-" "Dart/3.8 (dart:io)"
